1. С помощью .gitignore, сделать так, чтобы все файлы *.txt не попадали в репозиторий.

~/MyHomeWorkTest (main) $ echo "*.txt" > .gitignore

~/MyHomeWorkTest (main*) $ cat .gitignore
*.txt

~/MyHomeWorkTest (main*) $ touch 5 6 7 8.txt 9.txt

~/MyHomeWorkTest (main*) $ git add 5 6 7 8.txt 9.txt
The following paths are ignored by one of your .gitignore files:
8.txt
9.txt
hint: Use -f if you really want to add them.
hint: Turn this message off by running
hint: "git config advice.addIgnoredFile false"

3. Продемонстрировать применение git cherry-pick на собственном репозитории (придумать любой пример).

~/MyHomeWorkTest (home*) $ git add riki

~/MyHomeWorkTest (home*) $ git commit -m "riki"
[home 7e40d10] riki
 1 file changed, 0 insertions(+), 0 deletions(-)
 create mode 100644 riki

~/MyHomeWorkTest (home) $ git log
commit 7e40d10b2aee8cb1bd0fe34cc89b6487047df748 (HEAD -> home)
Author: petrovichpower <zdoroviimushik@gmail.com>
Date:   Tue Feb 20 06:19:08 2024 -0500

    riki

~/MyHomeWorkTest (home) $ git checkout main
Switched to branch 'main'
Your branch is up to date with 'origin/main'.

~/MyHomeWorkTest (main) git cherry-pick 7e40d10b2aee8cb1bd0fe34cc89b6487047df748
[main c921a2b] riki
 Date: Tue Feb 20 06:19:08 2024 -0500
 1 file changed, 0 insertions(+), 0 deletions(-)
 create mode 100644 riki


~/MyHomeWorkTest (main) $ ll
total 16
drwxrwxr-x  3 petrovich petrovich 4096 Feb 20 06:21 ./
drwxr-x--- 29 petrovich petrovich 4096 Feb 20 06:20 ../
drwxrwxr-x  8 petrovich petrovich 4096 Feb 20 06:21 .git/
-rw-rw-r--  1 petrovich petrovich   34 Feb 20 02:40 README.md
-rw-rw-r--  1 petrovich petrovich    0 Feb 20 06:21 riki